// Jest Snapshot v1, https://goo.gl/fbAQLP

exports[`ButtonLink matches snapshot 1`] = `
<a
  class="button active"
  href="/"
>
  Link button
</a>
`;
