// Jest Snapshot v1, https://goo.gl/fbAQLP

exports[`Loader matches snapshot 1`] = `
<div>
  <div
    class="row"
  >
    <div
      class="loader"
    />
  </div>
</div>
`;
